/home/pogoda/UAM/dokt/dev/transfermarkt-scrap/pko-ekstraklasaPL1/rakow-czestochowa/jakub-rajczykowski,https://www.transfermarkt.co.uk/jakub-rajczykowski/nationalmannschaft/spieler/925636
/home/pogoda/UAM/dokt/dev/transfermarkt-scrap/pko-ekstraklasaPL1/rakow-czestochowa/tomas-petrasek,https://www.transfermarkt.co.uk/tomas-petrasek/transfers/spieler/333261
/home/pogoda/UAM/dokt/dev/transfermarkt-scrap/pko-ekstraklasaPL1/rakow-czestochowa/olivier-sukiennicki,https://www.transfermarkt.pl/olivier-sukiennicki/marktwertverlauf/spieler/725768
/home/pogoda/UAM/dokt/dev/transfermarkt-scrap/pko-ekstraklasaPL1/rakow-czestochowa/olivier-sukiennicki,https://www.transfermarkt.co.uk/olivier-sukiennicki/nationalmannschaft/spieler/725768
/home/pogoda/UAM/dokt/dev/transfermarkt-scrap/pko-ekstraklasaPL1/lech-posen/micha%C5%82-gurgul,https://www.transfermarkt.pl/micha%C5%82-gurgul/marktwertverlauf/spieler/991779
/home/pogoda/UAM/dokt/dev/transfermarkt-scrap/pko-ekstraklasaPL1/lech-posen/micha%C5%82-gurgul,https://www.transfermarkt.co.uk/micha%C5%82-gurgul/nationalmannschaft/spieler/991779
/home/pogoda/UAM/dokt/dev/transfermarkt-scrap/pko-ekstraklasaPL1/legia-warschau/jan-ziolkowski,https://www.transfermarkt.pl/jan-ziolkowski/marktwertverlauf/spieler/1046867
/home/pogoda/UAM/dokt/dev/transfermarkt-scrap/pko-ekstraklasaPL1/legia-warschau/filip-rejczyk,https://www.transfermarkt.pl/filip-rejczyk/marktwertverlauf/spieler/991455
/home/pogoda/UAM/dokt/dev/transfermarkt-scrap/pko-ekstraklasaPL1/legia-warschau/jakub-jedrasik,https://www.transfermarkt.pl/jakub-jedrasik/marktwertverlauf/spieler/848943
/home/pogoda/UAM/dokt/dev/transfermarkt-scrap/pko-ekstraklasaPL1/pogon-stettin/adrian-przyborek,https://www.transfermarkt.pl/adrian-przyborek/marktwertverlauf/spieler/1018395
/home/pogoda/UAM/dokt/dev/transfermarkt-scrap/pko-ekstraklasaPL1/cracovia/kacper-smiglewski,https://www.transfermarkt.pl/kacper-smiglewski/marktwertverlauf/spieler/925777
/home/pogoda/UAM/dokt/dev/transfermarkt-scrap/pko-ekstraklasaPL1/cracovia/kacper-smiglewski,https://www.transfermarkt.co.uk/kacper-smiglewski/nationalmannschaft/spieler/925777
/home/pogoda/UAM/dokt/dev/transfermarkt-scrap/pko-ekstraklasaPL1/jagiellonia-bialystok/michal-sacek,https://www.transfermarkt.co.uk/michal-sacek/transfers/spieler/430054
/home/pogoda/UAM/dokt/dev/transfermarkt-scrap/pko-ekstraklasaPL1/jagiellonia-bialystok/damian-wojdakowski,https://www.transfermarkt.pl/damian-wojdakowski/marktwertverlauf/spieler/742945
/home/pogoda/UAM/dokt/dev/transfermarkt-scrap/pko-ekstraklasaPL1/jagiellonia-bialystok/michal-samborski,https://www.transfermarkt.co.uk/michal-samborski/nationalmannschaft/spieler/555069
/home/pogoda/UAM/dokt/dev/transfermarkt-scrap/pko-ekstraklasaPL1/gornik-zabrze/kamil-soberka,https://www.transfermarkt.pl/kamil-soberka/marktwertverlauf/spieler/965106
/home/pogoda/UAM/dokt/dev/transfermarkt-scrap/pko-ekstraklasaPL1/gornik-zabrze/jakub-pochciol,https://www.transfermarkt.pl/jakub-pochciol/marktwertverlauf/spieler/823256
/home/pogoda/UAM/dokt/dev/transfermarkt-scrap/pko-ekstraklasaPL1/gornik-zabrze/kacper-capiga,https://www.transfermarkt.pl/kacper-capiga/marktwertverlauf/spieler/999031
/home/pogoda/UAM/dokt/dev/transfermarkt-scrap/pko-ekstraklasaPL1/gornik-zabrze/nikodem-zielonka,https://www.transfermarkt.pl/nikodem-zielonka/marktwertverlauf/spieler/798158
/home/pogoda/UAM/dokt/dev/transfermarkt-scrap/pko-ekstraklasaPL1/widzew-lodz/mattia-montini,https://www.transfermarkt.co.uk/mattia-montini/nationalmannschaft/spieler/130368
/home/pogoda/UAM/dokt/dev/transfermarkt-scrap/pko-ekstraklasaPL1/piast-gliwice/szczepan-mucha,https://www.transfermarkt.pl/szczepan-mucha/marktwertverlauf/spieler/726397
/home/pogoda/UAM/dokt/dev/transfermarkt-scrap/pko-ekstraklasaPL1/wisla-plock/kamil-zapytowski,https://www.transfermarkt.co.uk/kamil-zapytowski/transfers/spieler/1037093
/home/pogoda/UAM/dokt/dev/transfermarkt-scrap/pko-ekstraklasaPL1/wisla-plock/wojciech-mazurowski,https://www.transfermarkt.pl/wojciech-mazurowski/marktwertverlauf/spieler/563044
/home/pogoda/UAM/dokt/dev/transfermarkt-scrap/pko-ekstraklasaPL1/wisla-plock/dawid-zieba,https://www.transfermarkt.pl/dawid-zieba/marktwertverlauf/spieler/717904
/home/pogoda/UAM/dokt/dev/transfermarkt-scrap/pko-ekstraklasaPL1/wisla-plock/dawid-zieba,https://www.transfermarkt.co.uk/dawid-zieba/nationalmannschaft/spieler/717904
/home/pogoda/UAM/dokt/dev/transfermarkt-scrap/pko-ekstraklasaPL1/warta-posen/maksymilian-pogonowski,https://www.transfermarkt.co.uk/maksymilian-pogonowski/nationalmannschaft/spieler/1012031
/home/pogoda/UAM/dokt/dev/transfermarkt-scrap/pko-ekstraklasaPL1/slask-wroclaw/petr-schwarz,https://www.transfermarkt.co.uk/petr-schwarz/transfers/spieler/208591
/home/pogoda/UAM/dokt/dev/transfermarkt-scrap/pko-ekstraklasaPL1/radomiak-radom/albert-posiada%C5%82a,https://www.transfermarkt.pl/albert-posiada%C5%82a/marktwertverlauf/spieler/712378
/home/pogoda/UAM/dokt/dev/transfermarkt-scrap/pko-ekstraklasaPL1/radomiak-radom/filipe-nascimento,https://www.transfermarkt.co.uk/filipe-nascimento/transfers/spieler/197999
/home/pogoda/UAM/dokt/dev/transfermarkt-scrap/pko-ekstraklasaPL1/radomiak-radom/milosz-zurawski,https://www.transfermarkt.co.uk/milosz-zurawski/nationalmannschaft/spieler/1017307
/home/pogoda/UAM/dokt/dev/transfermarkt-scrap/pko-ekstraklasaPL1/stal-mielec/koki-hinokio,https://www.transfermarkt.co.uk/koki-hinokio/transfers/spieler/688708
/home/pogoda/UAM/dokt/dev/transfermarkt-scrap/pko-ekstraklasaPL1/miedz-legnica/filip-chadala,https://www.transfermarkt.pl/filip-chadala/marktwertverlauf/spieler/930556
/home/pogoda/UAM/dokt/dev/transfermarkt-scrap/pko-ekstraklasaPL1/miedz-legnica/kacper-klimkiewicz,https://www.transfermarkt.co.uk/kacper-klimkiewicz/nationalmannschaft/spieler/830012
/home/pogoda/UAM/dokt/dev/transfermarkt-scrap/pko-ekstraklasaPL1/korona-kielce/jakub-konstantyn,https://www.transfermarkt.pl/jakub-konstantyn/marktwertverlauf/spieler/694477
/home/pogoda/UAM/dokt/dev/transfermarkt-scrap/pko-ekstraklasaPL1/korona-kielce/jakub-konstantyn,https://www.transfermarkt.co.uk/jakub-konstantyn/nationalmannschaft/spieler/694477
